// Jest Snapshot v1, https://goo.gl/fbAQLP

exports[`Menu renders correctly 1`] = `
.c0 {
  margin-bottom: 26px;
}

.c1 {
  list-style: none;
  padding: 0;
  margin: 0;
}

.c2 {
  padding: 0;
  margin: 10px 0;
}

.c3 {
  font-size: 16px;
  color: var(--color-text);
  font-weight: normal;
  border: 0;
}

.c3:hover,
.c3:focus {
  color: var(--color-primary);
  border-bottom: 1px solid var(--color-primary);
}

.c3:.active {
  color: var(--color-text);
  border-bottom: 1px solid var(--color-text);
}

<nav
  className="c0"
>
  <ul
    className="c1"
  >
    <li
      className="c2"
    >
      <a
        className="c3"
        href="/#0/"
      >
        Item 0
      </a>
    </li>
    <li
      className="c2"
    >
      <a
        className="c3"
        href="/#1/"
      >
        Item 1
      </a>
    </li>
  </ul>
</nav>
`;
