// Jest Snapshot v1, https://goo.gl/fbAQLP

exports[`Meta renders correctly 1`] = `
.c0 {
  font-style: italic;
}

<div>
  <p
    className="c0"
  >
    Published 
    1 Sep 2016
  </p>
</div>
`;
