// Jest Snapshot v1, https://goo.gl/fbAQLP

exports[`Author renders correctly 1`] = `
.c0 {
  border-top: 1px solid var(--color-gray500);
  padding-top: 20px;
  line-height: 1.625em;
  margin: 26px 0px;
}

.c1 {
  display: block;
  -webkit-text-decoration: underline;
  text-decoration: underline;
}

@media screen and (min-width:36em) {
  .c0 {
    margin-left: auto;
    margin-right: auto;
  }
}

<div
  className="c0"
>
  <p>
    Test bio
    <a
      className="c1"
      href="https://www.twitter.com/#"
      rel="noopener noreferrer"
      target="_blank"
    >
      <strong>
        Test name
      </strong>
       on Twitter
    </a>
  </p>
</div>
`;
